root:
  type: root
  children:
  - type: list
    children:
    - type: listitem
      children: []
