root:
  type: root
  children:
  - type: list
    children:
    - checked: true
      type: listitem
      children:
      - text: note0
        type: text
