<ul>
  <li class="note-folded" dir="ltr" value="1">
    <span class="note-folded" data-lexical-text="true">note0</span>
  </li>
  <li class="position-relative li-nested note-folded" value="2">
    <ul class="note-folded">
      <div dir="ltr"><div data-lexical-text="true"></div></div>
    </ul>
  </li>
  <li dir="ltr" value="2"><span data-lexical-text="true">note1</span></li>
  <li class="position-relative li-nested" value="3">
    <ul>
      <li dir="ltr" value="1">
        <span data-lexical-text="true">sub note 1</span>
      </li>
    </ul>
  </li>
</ul>