<ul>
  <li dir="ltr" value="1"><span data-lexical-text="true">note0</span></li>
  <li dir="ltr" value="2"><span data-lexical-text="true">note1</span></li>
  <li value="3"><br /></li>
  <li value="4"><br /></li>
  <li value="5"><br /></li>
</ul>