<ul>
  <li dir="ltr" value="1"><span data-lexical-text="true">note0</span></li>
  <li dir="ltr" value="2"><span data-lexical-text="true">not</span></li>
  <li dir="ltr" value="3"><span data-lexical-text="true">e1</span></li>
  <li dir="ltr" value="4"><span data-lexical-text="true">note2</span></li>
</ul>