root:
  type: root
  children:
  - type: list
    children:
    - type: listitem
      children:
      - text: note0
        type: text
    - type: listitem
      children:
      - text: note1
        type: text
    - type: listitem
      children:
      - text: note2
        type: text
