root:
  type: root
  children:
  - type: list
    children:
    - type: listitem
      children:
      - text: note0
        type: text
      - type: list
        children:
        - folded: true
          indent: 1
          type: listitem
          children:
          - text: note00
            type: text
          - type: list
            children:
            - indent: 2
              type: listitem
              children:
              - text: note000
                type: text
        - indent: 1
          type: listitem
          children:
          - text: note01
            type: text
    - type: listitem
      children:
      - text: note1
        type: text
      - type: list
        children:
        - indent: 1
          type: listitem
          children:
          - text: note10
            type: text
        - indent: 1
          type: listitem
          children:
          - text: note11
            type: text
        - folded: true
          indent: 1
          type: listitem
          children:
          - text: note12
            type: text
          - type: list
            children:
            - indent: 2
              type: listitem
              children:
              - text: note120
                type: text
              - type: list
                children:
                - indent: 3
                  type: listitem
                  children:
                  - text: note1200
                    type: text
                - indent: 3
                  type: listitem
                  children:
                  - text: note1201
                    type: text
