root:
  type: root
  children:
  - type: list
    children:
    - folded: true
      type: listitem
      children:
      - text: note0 - modified
        type: text
      - type: list
        children:
        - indent: 1
          type: listitem
          children:
          - text: note1
            type: text
